
> client@0.0.0 build
> vite build

[36mvite v8.0.2 [32mbuilding client environment for production...[36m[39m
[2Ktransforming...✓ 2791 modules transformed.
[31m✗[39m Build failed in 749ms
[31merror during build:
[31mBuild failed with 1 error:

[plugin vite:terser]
Error: terser not found. Since Vite v3, terser has become an optional dependency. You need to install it.
    at loadTerserPath (file:///D:/Task/MilitaryAssetManagement/client/node_modules/vite/dist/node/chunks/node.js:32334:8)
    at PluginContextImpl.renderChunk (file:///D:/Task/MilitaryAssetManagement/client/node_modules/vite/dist/node/chunks/node.js:32363:37)
    at PluginContextImpl.handler (file:///D:/Task/MilitaryAssetManagement/client/node_modules/vite/dist/node/chunks/node.js:33089:13)
    at plugin (file:///D:/Task/MilitaryAssetManagement/client/node_modules/rolldown/dist/shared/bindingify-input-options-DVAZE22h.mjs:1234:30)
    at plugin.<computed> (file:///D:/Task/MilitaryAssetManagement/client/node_modules/rolldown/dist/shared/bindingify-input-options-DVAZE22h.mjs:1593:18)[31m
    at aggregateBindingErrorsIntoJsError (file:///D:/Task/MilitaryAssetManagement/client/node_modules/rolldown/dist/shared/error-D8cGyrC7.mjs:48:18)
    at unwrapBindingResult (file:///D:/Task/MilitaryAssetManagement/client/node_modules/rolldown/dist/shared/error-D8cGyrC7.mjs:18:128)
    at #build (file:///D:/Task/MilitaryAssetManagement/client/node_modules/rolldown/dist/shared/rolldown-build-CL9PyQ2E.mjs:3313:34)
    at async buildEnvironment (file:///D:/Task/MilitaryAssetManagement/client/node_modules/vite/dist/node/chunks/node.js:32829:64)
    at async Object.build (file:///D:/Task/MilitaryAssetManagement/client/node_modules/vite/dist/node/chunks/node.js:33251:19)
    at async Object.buildApp (file:///D:/Task/MilitaryAssetManagement/client/node_modules/vite/dist/node/chunks/node.js:33248:153)
    at async CAC.<anonymous> (file:///D:/Task/MilitaryAssetManagement/client/node_modules/vite/dist/node/cli.js:778:3) {
  errors: [Getter/Setter]
}[39m
